[Bla [user:first_name]
blabla [quote:destination_name]
blablabla [quote:destination_link]
blablablabla [quote:summary_html]
blablablablabla [quote:summary], 1, 1] => {"id": "5","subject": "Votre livraison à Jordan","content": "Bla FIRSTNAME_0
blabla Jordan
blablabla http://www.schuppe.org/unde-rerum-similique-molestias-quam-voluptatem-nam-sequi-sed.html/Jordan/quote/1
blablablabla <p>1</p>
blablablablabla 1"}
[Bla [user:first_name]
blabla [quote:destination_name]
blablabla [quote:destination_link]
blablablabla [quote:summary_html]
blablablablabla [quote:summary], 1, ] => {"id": "5","subject": "Votre livraison à Jordan","content": "Bla FIRSTNAME_0
blabla Jordan
blablabla http://www.schuppe.org/unde-rerum-similique-molestias-quam-voluptatem-nam-sequi-sed.html/Jordan/quote/1
blablablabla <p>1</p>
blablablablabla 1"}
[Bla [user:first_name]
blabla [quote:destination_name]
blablabla [quote:destination_link]
blablablabla [quote:summary_html]
blablablablabla [quote:summary], , 1] => {"id": "5","subject": "Votre livraison à [quote:destination_name]","content": "Bla FIRSTNAME_0
blabla [quote:destination_name]
blablabla 
blablablabla [quote:summary_html]
blablablablabla [quote:summary]"}
[Bla [user:first_name]
blabla [quote:destination_name]
blablabla [quote:destination_link]
blablablabla [quote:summary_html]
blablablablabla [quote:summary], , ] => {"id": "5","subject": "Votre livraison à [quote:destination_name]","content": "Bla FIRSTNAME_0
blabla [quote:destination_name]
blablabla 
blablablabla [quote:summary_html]
blablablablabla [quote:summary]"}
